[INFO] Scanning for projects...
[INFO] 
[INFO] -----------------< com.smartgrade:smart-grade-system >------------------
[INFO] Building Smart Grade System 1.0.0
[INFO]   from pom.xml
[INFO] --------------------------------[ jar ]---------------------------------
[WARNING] The artifact com.itextpdf:itext7-core:pom:8.0.3 has been relocated to com.itextpdf:itext-core:pom:8.0.3
[INFO] 
[INFO] --- resources:3.3.1:resources (default-resources) @ smart-grade-system ---
[INFO] Copying 3 resources from src\main\resources to target\classes
[INFO] Copying 0 resource from src\main\resources to target\classes
[INFO] 
[INFO] --- compiler:3.11.0:compile (default-compile) @ smart-grade-system ---
[INFO] Changes detected - recompiling the module! :source
[INFO] Compiling 31 source files with javac [debug release 17] to target\classes
[INFO] ------------------------------------------------------------------------
[INFO] BUILD SUCCESS
[INFO] ------------------------------------------------------------------------
[INFO] Total time:  7.078 s
[INFO] Finished at: 2026-03-20T19:12:09+05:30
[INFO] ------------------------------------------------------------------------
